2026-09-06T13:12:15Z === LOCAL session D (hourly) start ===
2026-09-06T13:12:30Z set_select 'Backtest engine' -> 'hourly (fast fallback)'; widget now shows 'Backtest engine'
2026-09-06T13:12:34Z set_select 'Mode' -> 'Local CSV files'; widget now shows 'Mode'
2026-09-06T13:12:37Z set_select 'CEX price file' -> 'data/ETHUSDT-klines-1m-2026-08.csv'; widget now shows 'CEX price file'
2026-09-06T13:12:37Z hourly files: {'CEX price file': 'data/ETHUSDT-klines-1m-2026-08.csv', 'Funding file': 'data/ETHUSDT-fundingRate-2026-08.csv'}
2026-09-06T13:12:37Z hourly widgets: ['', 'Backtest engine', 'Mode', 'CEX price file', 'Funding file', 'Range specification', 'Rebalance mode', 'Perp leverage', '', '']
2026-09-06T13:12:40Z screenshot 34_local_hourly_sidebar_engine_data.png (74093 bytes)
2026-09-06T13:12:42Z hourly expander 'Position sizing': keyboard_arrow_down |  | Position sizing |  | Capital deployed (USD) |  | Range specification |  | Range width (± fraction around spot) |  | 0.15 |  | 0.02 |  | 0.75 |  | Our share of pool active liquidity |  | Pool volume as fraction of Binance quote volume
2026-09-06T13:12:42Z screenshot 35_local_hourly_sidebar_position_sizing.png (89042 bytes)
2026-09-06T13:12:44Z hourly expander 'Hedge policy': keyboard_arrow_down |  | Hedge policy |  | Rebalance mode |  | Rebalance threshold (fraction of |delta|) |  | 0.05 |  | 0.01 |  | 0.2 |  | Perp leverage |  | Margin buffer (× notional/leverage)
2026-09-06T13:12:44Z screenshot 36_local_hourly_sidebar_hedge_policy.png (81764 bytes)
2026-09-06T13:12:47Z hourly expander 'Cost model': keyboard_arrow_down |  | Cost model |  | LP fee tier (bps) |  | Binance taker fee (bps) |  | Flat slippage on hedge trades (bps)
2026-09-06T13:12:47Z screenshot 37_local_hourly_sidebar_cost_model.png (80584 bytes)
2026-09-06T13:12:53Z set_checkbox 'Stress test (price shock)' -> True; now True
2026-09-06T13:12:54Z Analysis + Run (stress on): keyboard_arrow_down |  | Analysis + Run |  | Rolling-window distribution (30d) |  | Backtest by month |  | Stress test (price shock) |  | Shock over last N days |  | Total price move (%) |  | -20 |  | -50 |  | 50 |  | Shape |  | Run label (optional)
2026-09-06T13:12:54Z Shock days value: 7
Traceback (most recent call last):
  File "/home/user/backtest-lp/docs/guide/raw/shots_local_d.py", line 48, in <module>
    log(f"slider text: {sl.inner_text().replace(chr(10),' | ')}; aria {sl.locator('[role=slider]').first.get_attribute('aria-valuenow')}")
                                                                       ^^^^^^^^^^^^^^^^^^^^^^^^^^^^^^^^^^^^^^^^^^^^^^^^^^^^^^^^^^^^^^^^
  File "/usr/local/lib/python3.11/dist-packages/playwright/sync_api/_generated.py", line 19313, in get_attribute
    self._sync(
  File "/usr/local/lib/python3.11/dist-packages/playwright/_impl/_sync_base.py", line 115, in _sync
    return task.result()
           ^^^^^^^^^^^^^
  File "/usr/local/lib/python3.11/dist-packages/playwright/_impl/_locator.py", line 465, in get_attribute
    return await self._frame.get_attribute(
           ^^^^^^^^^^^^^^^^^^^^^^^^^^^^^^^^
  File "/usr/local/lib/python3.11/dist-packages/playwright/_impl/_frame.py", line 757, in get_attribute
    return await self._channel.send(
           ^^^^^^^^^^^^^^^^^^^^^^^^^
  File "/usr/local/lib/python3.11/dist-packages/playwright/_impl/_connection.py", line 76, in send
    return await self._connection.wrap_api_call(
           ^^^^^^^^^^^^^^^^^^^^^^^^^^^^^^^^^^^^^
  File "/usr/local/lib/python3.11/dist-packages/playwright/_impl/_connection.py", line 632, in wrap_api_call
    raise rewrite_error(error, f"{parsed_st['apiName']}: {error}") from None
playwright._impl._errors.TimeoutError: Locator.get_attribute: Timeout 120000ms exceeded.
Call log:
  - waiting for locator("[data-testid=\"stSlider\"]").filter(has_text="Total price move").first.locator("[role=slider]").first

