2026-09-06T13:15:54Z === LOCAL session D2 (hourly stress) start ===
2026-09-06T13:16:09Z set_select 'Backtest engine' -> 'hourly (fast fallback)'; widget now shows 'Backtest engine'
2026-09-06T13:16:12Z set_select 'Mode' -> 'Local CSV files'; widget now shows 'Mode'
2026-09-06T13:16:16Z set_select 'CEX price file' -> 'data/ETHUSDT-klines-1m-2026-08.csv'; widget now shows 'CEX price file'
2026-09-06T13:16:16Z hourly files: {'CEX price file': 'data/ETHUSDT-klines-1m-2026-08.csv', 'Funding file': 'data/ETHUSDT-fundingRate-2026-08.csv'}
2026-09-06T13:16:16Z hourly widgets: ['', 'Backtest engine', 'Mode', 'CEX price file', 'Funding file', 'Range specification', 'Rebalance mode', 'Perp leverage', '', '']
2026-09-06T13:16:16Z 34-37 already captured in session D; skipping
2026-09-06T13:16:23Z set_checkbox 'Stress test (price shock)' -> True; now True
2026-09-06T13:16:24Z Analysis + Run (stress on): keyboard_arrow_down |  | Analysis + Run |  | Rolling-window distribution (30d) |  | Backtest by month |  | Stress test (price shock) |  | Shock over last N days |  | Total price move (%) |  | -20 |  | -50 |  | 50 |  | Shape |  | Run label (optional)
2026-09-06T13:16:24Z Shock days value: 7
2026-09-06T13:16:24Z slider text: Total price move (%) |  | -20 |  | -50 |  | 50; value -20
2026-09-06T13:16:24Z Shape: linear
2026-09-06T13:16:28Z screenshot 38_local_hourly_stress_controls_default.png (84999 bytes)
2026-09-06T13:16:28Z clicked Run backtest
2026-09-06T13:16:36Z run finished (status widget detached)
2026-09-06T13:16:36Z stress run A took 8s
2026-09-06T13:16:36Z hourly_stress_-20pct_7d_linear banner 'FEES COVER THE COST — net 79.37% APR · engine: hourly · 30 days' alerts ['Stress test active: -20% linear price move over last 7 days. Results are synthetic.'] metrics ['Net PnL (USD) |  | $65,194', 'Fees APR |  | 0.00%', 'LVR APR |  | 0.00%', 'Funding APR |  | 1.12% |  | collected (perp paid you)', 'Hedge cost APR |  | -1.69%', 'Fees / LVR |  | nan', '% time in range |  | 69.8%', 'Sharpe (daily) |  | None', 'Max drawdown |  | $-3,981']
2026-09-06T13:16:39Z screenshot 39_local_hourly_stress_default_full.png viewport 1600x2813
2026-09-06T13:16:39Z crop 40_local_hourly_stress_default_metrics.png box=(288, 323, 1600, 752) (70297 bytes)
2026-09-06T13:16:44Z Shock days now: 1
2026-09-06T13:16:52Z slider now: -30
2026-09-06T13:16:52Z stress controls now: days=1 pct=-30 shape=linear
2026-09-06T13:16:53Z screenshot 41_local_hourly_stress_controls_-30_1d.png (153636 bytes)
2026-09-06T13:16:53Z clicked Run backtest
2026-09-06T13:17:01Z run finished (status widget detached)
2026-09-06T13:17:01Z stress run B took 8s
2026-09-06T13:17:01Z hourly_stress_-30pct_1d_linear banner 'FEES COVER THE COST — net 76.87% APR · engine: hourly · 30 days' alerts ['Stress test active: -30% linear price move over last 1 days. Results are synthetic.'] metrics ['Net PnL (USD) |  | $63,136', 'Fees APR |  | 0.00%', 'LVR APR |  | 0.00%', 'Funding APR |  | 1.11% |  | collected (perp paid you)', 'Hedge cost APR |  | -1.78%', 'Fees / LVR |  | nan', '% time in range |  | 62.8%', 'Sharpe (daily) |  | None', 'Max drawdown |  | $-6,039']
2026-09-06T13:17:04Z screenshot 42_local_hourly_stress_-30_1d_full.png viewport 1600x3494
2026-09-06T13:17:04Z crop 43_local_hourly_stress_-30_1d_metrics.png box=(288, 323, 1600, 752) (70829 bytes)
2026-09-06T13:17:04Z crop 44_local_hourly_run_comparison.png box=(288, 2617, 1600, 3465) (49946 bytes)
2026-09-06T13:17:04Z === LOCAL session D2 end ===
