2026-09-06T12:48:17Z === LOCAL session B start ===
2026-09-06T12:48:32Z set_select 'Mode' -> 'Real data (files)'; widget now shows 'Mode'
2026-09-06T12:48:35Z set_select 'CEX price file' -> 'data/ETHUSDT-klines-1m-2026-08.csv'; widget now shows 'CEX price file'
2026-09-06T12:48:39Z set_select 'Funding file' -> 'data/ETHUSDT-fundingRate-2026-08.csv'; widget now shows 'Funding file'
2026-09-06T12:48:39Z file selectboxes: {'Swaps file': 'data/swaps_0x88e6a0_2026-08-01_2026-08-31.parquet', 'CEX price file': 'data/ETHUSDT-klines-1m-2026-08.csv', 'Funding file': 'data/ETHUSDT-fundingRate-2026-08.csv'}
2026-09-06T12:48:39Z clicked Run backtest
2026-09-06T12:51:14Z run finished (status widget detached)
2026-09-06T12:51:14Z run 7 took 155s
2026-09-06T12:51:14Z run 7 alerts: []
2026-09-06T12:51:24Z run7_default_real_data banner: 'FEES DO NOT COVER THE COST — net -11.39% APR · engine: swap_level · 31 days'
2026-09-06T12:51:24Z run7_default_real_data metrics: ['Net PnL (USD) |  | $-11,592', 'Fees APR |  | 28.46%', 'LVR APR |  | 4.06%', 'Funding APR |  | 1.47% |  | collected (perp paid you)', 'Hedge cost APR |  | -3.48%', 'Fees / LVR |  | nan', '% time in range |  | 98.2%', 'Sharpe (daily) |  | -5.55', 'Max drawdown |  | $-13,161']
2026-09-06T12:51:31Z tall viewport 2741
2026-09-06T12:51:33Z screenshot 19_local_run_default_full.png (348513 bytes) viewport 1600x2741
2026-09-06T12:51:36Z main h3s: ['FEES DO NOT COVER THE COST — net -11.39% APR · engine: swap_level · 31 days', 'Cumulative PnL', 'PnL attribution', 'ETH price and LP delta', 'Fetch data', 'Backtest window', 'Engine', 'LP leg', 'Hedge leg', 'Mechanics (swap_level)', 'LP fee tier — 1 / 5 / 30 / 100 bps.', 'Run controls', 'Verdict banner', 'Top-row metrics', 'Second-row metrics', 'Charts', 'Sweep (swap_level only)', 'Run comparison', 'Assumptions dataclass (source of truth)']
2026-09-06T12:51:45Z crop 20_local_run_verdict_banner.png box=(288, 361, 1600, 485) (28364 bytes)
2026-09-06T12:51:46Z crop 21_local_run_metric_tiles.png box=(288, 461, 1600, 680) (35103 bytes)
2026-09-06T12:51:47Z crop 22_local_run_cumulative_pnl.png box=(288, 728, 1600, 1156) (38889 bytes)
2026-09-06T12:51:47Z crop 23_local_run_attribution_cumulative.png box=(288, 1156, 1600, 1639) (34163 bytes)
2026-09-06T12:51:48Z crop 25_local_run_eth_price_lp_delta.png box=(288, 1639, 1600, 2441) (79821 bytes)
2026-09-06T12:52:02Z crop 24_local_run_attribution_daily_bars.png box=(288, 1156, 1600, 1678) (30349 bytes)
Traceback (most recent call last):
  File "/home/user/backtest-lp/docs/guide/raw/shots_local_b.py", line 65, in <module>
    set_expander(pg, "Full summary", True); time.sleep(2); tall_once(pg)
    ^^^^^^^^^^^^^^^^^^^^^^^^^^^^^^^^^^^^^^
  File "/home/user/backtest-lp/docs/guide/raw/shots_common.py", line 55, in set_expander
    if expander_is_open(pg, label) != open_:
       ^^^^^^^^^^^^^^^^^^^^^^^^^^^
  File "/home/user/backtest-lp/docs/guide/raw/shots_common.py", line 51, in expander_is_open
    return expander(pg, label).locator("details").first.evaluate("el=>el.hasAttribute('open')")
           ^^^^^^^^^^^^^^^^^^^^^^^^^^^^^^^^^^^^^^^^^^^^^^^^^^^^^^^^^^^^^^^^^^^^^^^^^^^^^^^^^^^^
  File "/usr/local/lib/python3.11/dist-packages/playwright/sync_api/_generated.py", line 18092, in evaluate
    self._sync(
  File "/usr/local/lib/python3.11/dist-packages/playwright/_impl/_sync_base.py", line 115, in _sync
    return task.result()
           ^^^^^^^^^^^^^
  File "/usr/local/lib/python3.11/dist-packages/playwright/_impl/_locator.py", line 195, in evaluate
    return await self._with_element(
           ^^^^^^^^^^^^^^^^^^^^^^^^^
  File "/usr/local/lib/python3.11/dist-packages/playwright/_impl/_locator.py", line 114, in _with_element
    handle = await self.element_handle(timeout=timeout)
             ^^^^^^^^^^^^^^^^^^^^^^^^^^^^^^^^^^^^^^^^^^
  File "/usr/local/lib/python3.11/dist-packages/playwright/_impl/_locator.py", line 325, in element_handle
    handle = await self._frame.wait_for_selector(
             ^^^^^^^^^^^^^^^^^^^^^^^^^^^^^^^^^^^^
  File "/usr/local/lib/python3.11/dist-packages/playwright/_impl/_frame.py", line 394, in wait_for_selector
    await self._channel.send(
  File "/usr/local/lib/python3.11/dist-packages/playwright/_impl/_connection.py", line 76, in send
    return await self._connection.wrap_api_call(
           ^^^^^^^^^^^^^^^^^^^^^^^^^^^^^^^^^^^^^
  File "/usr/local/lib/python3.11/dist-packages/playwright/_impl/_connection.py", line 632, in wrap_api_call
    raise rewrite_error(error, f"{parsed_st['apiName']}: {error}") from None
playwright._impl._errors.TimeoutError: Locator.evaluate: Timeout 120000ms exceeded.
Call log:
  - waiting for locator("[data-testid=\"stExpander\"]").filter(has=locator("summary").filter(has_text="Full summary")).first.locator("details").first

